2025-06-03 21:18:36,875 - INFO - ブラウザを起動しています (GUIあり)...
2025-06-03 21:18:37,412 - INFO - URLにアクセス中: https://rewards.bing.com/?form=ML2W7F
2025-06-03 21:18:41,308 - INFO - ログインページにリダイレクトされました。ログイン処理を実行します。
2025-06-03 21:18:41,308 - INFO - メールアドレス入力フィールドを待機中...
2025-06-03 21:18:41,337 - INFO - 「次へ」ボタンを待機中...
2025-06-03 21:18:42,366 - INFO - パスワード入力フィールドを待機中...
2025-06-03 21:18:42,377 - INFO - 「次へ」ボタンを待機中...
2025-06-03 21:18:44,392 - INFO - 「サインインの状態を維持しますか？」の「はい」ボタンを待機中...
2025-06-03 21:18:44,401 - INFO - ログイン処理が完了しました。
2025-06-03 21:18:49,101 - INFO - 日々のセットの項目を検索しています...
2025-06-03 21:18:49,122 - INFO - 6 個の項目が見つかりました。クリックを開始します。
2025-06-03 21:18:49,129 - INFO - 項目 1 をクリック中...
2025-06-03 21:18:50,194 - ERROR - 項目 1 のクリック中にエラーが発生しました。
Traceback (most recent call last):
  File "C:\Users\03dai\source\repos\MicrosoftAwardGetter\bing_rewards_automation\bing_rewards_bot.py", line 129, in run_bot
    if len(browser.pages) > 1:
           ^^^^^^^^^^^^^
AttributeError: 'Browser' object has no attribute 'pages'
2025-06-03 21:18:50,199 - INFO - 項目 2 をクリック中...
2025-06-03 21:18:53,047 - ERROR - 項目 2 のクリック中にエラーが発生しました。
Traceback (most recent call last):
  File "C:\Users\03dai\source\repos\MicrosoftAwardGetter\bing_rewards_automation\bing_rewards_bot.py", line 129, in run_bot
    if len(browser.pages) > 1:
           ^^^^^^^^^^^^^
AttributeError: 'Browser' object has no attribute 'pages'
2025-06-03 21:18:53,053 - INFO - 項目 3 をクリック中...
2025-06-03 21:18:54,132 - ERROR - 項目 3 のクリック中にエラーが発生しました。
Traceback (most recent call last):
  File "C:\Users\03dai\source\repos\MicrosoftAwardGetter\bing_rewards_automation\bing_rewards_bot.py", line 129, in run_bot
    if len(browser.pages) > 1:
           ^^^^^^^^^^^^^
AttributeError: 'Browser' object has no attribute 'pages'
2025-06-03 21:18:54,137 - WARNING - 項目 4 のクリック可能な要素が見つからないか、表示されていません。
2025-06-03 21:18:54,140 - WARNING - 項目 5 のクリック可能な要素が見つからないか、表示されていません。
2025-06-03 21:18:54,143 - WARNING - 項目 6 のクリック可能な要素が見つからないか、表示されていません。
2025-06-03 21:18:54,143 - INFO - すべての項目のクリックを試行しました。
2025-06-03 21:18:54,143 - INFO - ブラウザを閉じています...
2025-06-03 21:18:54,341 - INFO - 処理が終了しました。
2025-06-03 21:20:32,918 - INFO - ブラウザを起動しています (GUIあり)...
2025-06-03 21:20:33,170 - INFO - URLにアクセス中: https://rewards.bing.com/?form=ML2W7F
2025-06-03 21:20:36,711 - INFO - ログインページにリダイレクトされました。ログイン処理を実行します。
2025-06-03 21:20:36,711 - INFO - メールアドレス入力フィールドを待機中...
2025-06-03 21:20:36,740 - INFO - 「次へ」ボタンを待機中...
2025-06-03 21:20:37,771 - INFO - パスワード入力フィールドを待機中...
2025-06-03 21:20:37,782 - INFO - 「次へ」ボタンを待機中...
2025-06-03 21:20:39,876 - INFO - 「サインインの状態を維持しますか？」の「はい」ボタンを待機中...
2025-06-03 21:20:39,885 - INFO - ログイン処理が完了しました。
2025-06-03 21:20:44,020 - INFO - 日々のセットの項目を検索しています...
2025-06-03 21:20:44,041 - INFO - 6 個の項目が見つかりました。クリックを開始します。
2025-06-03 21:20:44,047 - INFO - 項目 1 をクリック中...
2025-06-03 21:20:45,124 - ERROR - 項目 1 のクリック中にエラーが発生しました。
Traceback (most recent call last):
  File "C:\Users\03dai\source\repos\MicrosoftAwardGetter\bing_rewards_automation\bing_rewards_bot.py", line 129, in run_bot
    if len(browser.pages) > 1:
           ^^^^^^^^^^^^^
AttributeError: 'Browser' object has no attribute 'pages'
2025-06-03 21:20:45,129 - INFO - 項目 2 をクリック中...
2025-06-03 21:20:46,214 - ERROR - 項目 2 のクリック中にエラーが発生しました。
Traceback (most recent call last):
  File "C:\Users\03dai\source\repos\MicrosoftAwardGetter\bing_rewards_automation\bing_rewards_bot.py", line 129, in run_bot
    if len(browser.pages) > 1:
           ^^^^^^^^^^^^^
AttributeError: 'Browser' object has no attribute 'pages'
2025-06-03 21:20:46,218 - INFO - 項目 3 をクリック中...
2025-06-03 21:20:47,413 - ERROR - 項目 3 のクリック中にエラーが発生しました。
Traceback (most recent call last):
  File "C:\Users\03dai\source\repos\MicrosoftAwardGetter\bing_rewards_automation\bing_rewards_bot.py", line 129, in run_bot
    if len(browser.pages) > 1:
           ^^^^^^^^^^^^^
AttributeError: 'Browser' object has no attribute 'pages'
2025-06-03 21:20:47,417 - WARNING - 項目 4 のクリック可能な要素が見つからないか、表示されていません。
2025-06-03 21:20:47,420 - WARNING - 項目 5 のクリック可能な要素が見つからないか、表示されていません。
2025-06-03 21:20:47,423 - WARNING - 項目 6 のクリック可能な要素が見つからないか、表示されていません。
2025-06-03 21:20:47,423 - INFO - すべての項目のクリックを試行しました。
2025-06-03 21:20:47,423 - INFO - ブラウザを閉じています...
2025-06-03 21:20:47,598 - INFO - 処理が終了しました。
2025-06-03 21:21:45,141 - INFO - ブラウザを起動しています (GUIあり)...
2025-06-03 21:21:45,382 - INFO - URLにアクセス中: https://rewards.bing.com/?form=ML2W7F
2025-06-03 21:21:48,733 - INFO - ログインページにリダイレクトされました。ログイン処理を実行します。
2025-06-03 21:21:48,733 - INFO - メールアドレス入力フィールドを待機中...
2025-06-03 21:21:48,759 - INFO - 「次へ」ボタンを待機中...
2025-06-03 21:21:49,793 - INFO - パスワード入力フィールドを待機中...
2025-06-03 21:21:49,814 - INFO - 「次へ」ボタンを待機中...
2025-06-03 21:21:52,149 - INFO - 「サインインの状態を維持しますか？」の「はい」ボタンを待機中...
2025-06-03 21:21:52,157 - INFO - ログイン処理が完了しました。
2025-06-03 21:21:56,415 - INFO - 日々のセットの項目を検索しています...
2025-06-03 21:21:56,433 - INFO - 6 個の項目が見つかりました。クリックを開始します。
2025-06-03 21:21:56,440 - INFO - 項目 1 をクリック中...
2025-06-03 21:21:57,500 - ERROR - 項目 1 のクリック中にエラーが発生しました。
Traceback (most recent call last):
  File "C:\Users\03dai\source\repos\MicrosoftAwardGetter\bing_rewards_automation\bing_rewards_bot.py", line 129, in run_bot
    if len(browser.pages) > 1:
           ^^^^^^^^^^^^^
AttributeError: 'Browser' object has no attribute 'pages'
2025-06-03 21:21:57,506 - INFO - 項目 2 をクリック中...
2025-06-03 21:21:59,683 - ERROR - 項目 2 のクリック中にエラーが発生しました。
Traceback (most recent call last):
  File "C:\Users\03dai\source\repos\MicrosoftAwardGetter\bing_rewards_automation\bing_rewards_bot.py", line 129, in run_bot
    if len(browser.pages) > 1:
           ^^^^^^^^^^^^^
AttributeError: 'Browser' object has no attribute 'pages'
2025-06-03 21:21:59,687 - INFO - 項目 3 をクリック中...
2025-06-03 21:22:00,767 - ERROR - 項目 3 のクリック中にエラーが発生しました。
Traceback (most recent call last):
  File "C:\Users\03dai\source\repos\MicrosoftAwardGetter\bing_rewards_automation\bing_rewards_bot.py", line 129, in run_bot
    if len(browser.pages) > 1:
           ^^^^^^^^^^^^^
AttributeError: 'Browser' object has no attribute 'pages'
2025-06-03 21:22:00,771 - WARNING - 項目 4 のクリック可能な要素が見つからないか、表示されていません。
2025-06-03 21:22:00,774 - WARNING - 項目 5 のクリック可能な要素が見つからないか、表示されていません。
2025-06-03 21:22:00,777 - WARNING - 項目 6 のクリック可能な要素が見つからないか、表示されていません。
2025-06-03 21:22:00,777 - INFO - すべての項目のクリックを試行しました。
2025-06-03 21:22:00,777 - INFO - ブラウザを閉じています...
2025-06-03 21:22:00,953 - INFO - 処理が終了しました。
2025-06-03 21:22:38,726 - INFO - ブラウザを起動しています (GUIあり)...
2025-06-03 21:22:38,954 - INFO - URLにアクセス中: https://rewards.bing.com/?form=ML2W7F
2025-06-03 21:22:42,671 - INFO - ログインページにリダイレクトされました。ログイン処理を実行します。
2025-06-03 21:22:42,671 - INFO - メールアドレス入力フィールドを待機中...
2025-06-03 21:22:42,700 - INFO - 「次へ」ボタンを待機中...
2025-06-03 21:22:43,738 - INFO - パスワード入力フィールドを待機中...
2025-06-03 21:22:43,748 - INFO - 「次へ」ボタンを待機中...
2025-06-03 21:22:45,721 - INFO - 「サインインの状態を維持しますか？」の「はい」ボタンを待機中...
2025-06-03 21:22:45,728 - INFO - ログイン処理が完了しました。
2025-06-03 21:22:49,961 - INFO - 日々のセットの項目を検索しています...
2025-06-03 21:22:49,980 - INFO - 6 個の項目が見つかりました。クリックを開始します。
2025-06-03 21:22:49,986 - INFO - 項目 1 をクリック中...
2025-06-03 21:22:51,036 - ERROR - 項目 1 のクリック中にエラーが発生しました。
Traceback (most recent call last):
  File "C:\Users\03dai\source\repos\MicrosoftAwardGetter\bing_rewards_automation\bing_rewards_bot.py", line 129, in run_bot
    if len(browser.pages) > 1:
           ^^^^^^^^^^^^^
AttributeError: 'Browser' object has no attribute 'pages'
2025-06-03 21:22:51,041 - INFO - 項目 2 をクリック中...
2025-06-03 21:22:52,261 - ERROR - 項目 2 のクリック中にエラーが発生しました。
Traceback (most recent call last):
  File "C:\Users\03dai\source\repos\MicrosoftAwardGetter\bing_rewards_automation\bing_rewards_bot.py", line 129, in run_bot
    if len(browser.pages) > 1:
           ^^^^^^^^^^^^^
AttributeError: 'Browser' object has no attribute 'pages'
2025-06-03 21:22:52,265 - INFO - 項目 3 をクリック中...
2025-06-03 21:22:53,350 - ERROR - 項目 3 のクリック中にエラーが発生しました。
Traceback (most recent call last):
  File "C:\Users\03dai\source\repos\MicrosoftAwardGetter\bing_rewards_automation\bing_rewards_bot.py", line 129, in run_bot
    if len(browser.pages) > 1:
           ^^^^^^^^^^^^^
AttributeError: 'Browser' object has no attribute 'pages'
2025-06-03 21:22:53,353 - WARNING - 項目 4 のクリック可能な要素が見つからないか、表示されていません。
2025-06-03 21:22:53,356 - WARNING - 項目 5 のクリック可能な要素が見つからないか、表示されていません。
2025-06-03 21:22:53,359 - WARNING - 項目 6 のクリック可能な要素が見つからないか、表示されていません。
2025-06-03 21:22:53,359 - INFO - すべての項目のクリックを試行しました。
2025-06-03 21:22:53,359 - INFO - ブラウザを閉じています...
2025-06-03 21:22:53,564 - INFO - 処理が終了しました。
2025-06-03 21:25:21,846 - INFO - ブラウザを起動しています (ヘッドレスモード)...
2025-06-03 21:25:21,961 - INFO - URLにアクセス中: https://rewards.bing.com/?form=ML2W7F
2025-06-03 21:25:25,072 - INFO - ログインページにリダイレクトされました。ログイン処理を実行します。
2025-06-03 21:25:25,073 - INFO - メールアドレス入力フィールドを待機中...
2025-06-03 21:25:25,098 - INFO - 「次へ」ボタンを待機中...
2025-06-03 21:25:26,146 - INFO - パスワード入力フィールドを待機中...
2025-06-03 21:25:26,158 - INFO - 「次へ」ボタンを待機中...
2025-06-03 21:25:28,326 - INFO - 「サインインの状態を維持しますか？」の「はい」ボタンを待機中...
2025-06-03 21:25:28,343 - INFO - ログイン処理が完了しました。
2025-06-03 21:25:34,772 - INFO - 日々のセットの項目を検索しています...
2025-06-03 21:25:34,786 - INFO - 6 個の項目が見つかりました。クリックを開始します。
2025-06-03 21:25:34,792 - INFO - 項目 1 をクリック中...
2025-06-03 21:25:35,859 - ERROR - 項目 1 のクリック中にエラーが発生しました。
Traceback (most recent call last):
  File "C:\Users\03dai\source\repos\MicrosoftAwardGetter\bing_rewards_automation\bing_rewards_bot.py", line 129, in run_bot
    if len(browser.pages) > 1:
           ^^^^^^^^^^^^^
AttributeError: 'Browser' object has no attribute 'pages'
2025-06-03 21:25:35,864 - INFO - 項目 2 をクリック中...
2025-06-03 21:25:36,929 - ERROR - 項目 2 のクリック中にエラーが発生しました。
Traceback (most recent call last):
  File "C:\Users\03dai\source\repos\MicrosoftAwardGetter\bing_rewards_automation\bing_rewards_bot.py", line 129, in run_bot
    if len(browser.pages) > 1:
           ^^^^^^^^^^^^^
AttributeError: 'Browser' object has no attribute 'pages'
2025-06-03 21:25:36,933 - INFO - 項目 3 をクリック中...
2025-06-03 21:25:38,008 - ERROR - 項目 3 のクリック中にエラーが発生しました。
Traceback (most recent call last):
  File "C:\Users\03dai\source\repos\MicrosoftAwardGetter\bing_rewards_automation\bing_rewards_bot.py", line 129, in run_bot
    if len(browser.pages) > 1:
           ^^^^^^^^^^^^^
AttributeError: 'Browser' object has no attribute 'pages'
2025-06-03 21:25:38,012 - WARNING - 項目 4 のクリック可能な要素が見つからないか、表示されていません。
2025-06-03 21:25:38,021 - WARNING - 項目 5 のクリック可能な要素が見つからないか、表示されていません。
2025-06-03 21:25:38,027 - WARNING - 項目 6 のクリック可能な要素が見つからないか、表示されていません。
2025-06-03 21:25:38,027 - INFO - すべての項目のクリックを試行しました。
2025-06-03 21:25:38,027 - INFO - ブラウザを閉じています...
2025-06-03 21:25:38,076 - INFO - 処理が終了しました。
2025-06-03 21:27:02,678 - INFO - ブラウザを起動しています (ヘッドレスモード)...
2025-06-03 21:27:02,785 - INFO - URLにアクセス中: https://rewards.bing.com/?form=ML2W7F
2025-06-03 21:27:06,078 - INFO - ログインページにリダイレクトされました。ログイン処理を実行します。
2025-06-03 21:27:06,078 - INFO - メールアドレス入力フィールドを待機中...
2025-06-03 21:27:06,106 - INFO - 「次へ」ボタンを待機中...
2025-06-03 21:27:07,153 - INFO - パスワード入力フィールドを待機中...
2025-06-03 21:27:07,166 - INFO - 「次へ」ボタンを待機中...
2025-06-03 21:27:09,236 - INFO - 「サインインの状態を維持しますか？」の「はい」ボタンを待機中...
2025-06-03 21:27:09,243 - INFO - ログイン処理が完了しました。
2025-06-03 21:27:13,617 - INFO - 日々のセットの項目を検索しています...
2025-06-03 21:27:13,631 - INFO - 6 個の項目が見つかりました。クリックを開始します。
2025-06-03 21:27:13,636 - INFO - 項目 1 をクリック中...
2025-06-03 21:27:14,676 - INFO - 新しいページは開かれませんでした、または待機中にタイムアウトしました: 'Browser' object has no attribute 'context'
2025-06-03 21:27:16,691 - INFO - 項目 2 をクリック中...
2025-06-03 21:27:17,757 - INFO - 新しいページは開かれませんでした、または待機中にタイムアウトしました: 'Browser' object has no attribute 'context'
2025-06-03 21:27:19,776 - INFO - 項目 3 をクリック中...
2025-06-03 21:27:20,851 - INFO - 新しいページは開かれませんでした、または待機中にタイムアウトしました: 'Browser' object has no attribute 'context'
2025-06-03 21:27:22,869 - WARNING - 項目 4 のクリック可能な要素が見つからないか、表示されていません。
2025-06-03 21:27:22,873 - WARNING - 項目 5 のクリック可能な要素が見つからないか、表示されていません。
2025-06-03 21:27:22,875 - WARNING - 項目 6 のクリック可能な要素が見つからないか、表示されていません。
2025-06-03 21:27:22,875 - INFO - すべての項目のクリックを試行しました。
2025-06-03 21:27:22,875 - INFO - ブラウザを閉じています...
2025-06-03 21:27:22,922 - INFO - 処理が終了しました。
2025-06-03 21:30:33,145 - INFO - ブラウザを起動しています (ヘッドレスモード)...
2025-06-03 21:30:33,253 - INFO - URLにアクセス中: https://rewards.bing.com/?form=ML2W7F
2025-06-03 21:30:36,244 - INFO - ログインページにリダイレクトされました。ログイン処理を実行します。
2025-06-03 21:30:36,244 - INFO - メールアドレス入力フィールドを待機中...
2025-06-03 21:30:36,272 - INFO - 「次へ」ボタンを待機中...
2025-06-03 21:30:37,318 - INFO - パスワード入力フィールドを待機中...
2025-06-03 21:30:37,328 - INFO - 「次へ」ボタンを待機中...
2025-06-03 21:30:39,335 - INFO - 「サインインの状態を維持しますか？」の「はい」ボタンを待機中...
2025-06-03 21:30:39,344 - INFO - ログイン処理が完了しました。
2025-06-03 21:30:43,506 - INFO - 日々のセットの項目を検索しています...
2025-06-03 21:30:43,520 - INFO - 6 個の項目が見つかりました。クリックを開始します。
2025-06-03 21:30:43,526 - INFO - 項目 1 をクリック中...
2025-06-03 21:30:44,575 - INFO - 新しいページは開かれませんでした、または待機中にタイムアウトしました: 'Browser' object has no attribute 'context'
2025-06-03 21:30:46,585 - INFO - 項目 2 をクリック中...
2025-06-03 21:30:47,641 - INFO - 新しいページは開かれませんでした、または待機中にタイムアウトしました: 'Browser' object has no attribute 'context'
2025-06-03 21:30:49,657 - INFO - 項目 3 をクリック中...
2025-06-03 21:30:50,712 - INFO - 新しいページは開かれませんでした、または待機中にタイムアウトしました: 'Browser' object has no attribute 'context'
2025-06-03 21:30:52,723 - WARNING - 項目 4 のクリック可能な要素が見つからないか、表示されていません。
2025-06-03 21:30:52,726 - WARNING - 項目 5 のクリック可能な要素が見つからないか、表示されていません。
2025-06-03 21:30:52,729 - WARNING - 項目 6 のクリック可能な要素が見つからないか、表示されていません。
2025-06-03 21:30:52,729 - INFO - すべての項目のクリックを試行しました。
2025-06-03 21:30:52,729 - INFO - ブラウザを閉じています...
2025-06-03 21:30:52,773 - INFO - 処理が終了しました。
2025-06-03 21:35:17,572 - INFO - ブラウザを起動しています (ヘッドレスモード)...
2025-06-03 21:35:17,679 - INFO - URLにアクセス中: https://rewards.bing.com/?form=ML2W7F
2025-06-03 21:35:20,604 - INFO - ログインページにリダイレクトされました。ログイン処理を実行します。
2025-06-03 21:35:20,605 - INFO - メールアドレス入力フィールドを待機中...
2025-06-03 21:35:20,666 - INFO - 「次へ」ボタンを待機中...
2025-06-03 21:35:21,710 - INFO - パスワード入力フィールドを待機中...
2025-06-03 21:35:21,722 - INFO - 「次へ」ボタンを待機中...
2025-06-03 21:35:23,687 - INFO - 「サインインの状態を維持しますか？」の「はい」ボタンを待機中...
2025-06-03 21:35:23,696 - INFO - ログイン処理が完了しました。
2025-06-03 21:35:28,388 - INFO - 日々のセットの項目を検索しています...
2025-06-03 21:35:28,406 - INFO - 6 個の項目が見つかりました。クリックを開始します。
2025-06-03 21:35:28,416 - INFO - 項目 1 をクリック中...
2025-06-03 21:35:29,517 - INFO - 項目 1 のクリック成功を示すネットワークリクエストを待機中...
2025-06-03 21:35:29,518 - WARNING - 項目 1 のクリック成功を示すネットワークリクエストを検出できませんでした: 'Page' object has no attribute 'wait_for_request'
2025-06-03 21:35:31,530 - INFO - 項目 2 をクリック中...
2025-06-03 21:35:32,581 - INFO - 項目 2 のクリック成功を示すネットワークリクエストを待機中...
2025-06-03 21:35:32,581 - WARNING - 項目 2 のクリック成功を示すネットワークリクエストを検出できませんでした: 'Page' object has no attribute 'wait_for_request'
2025-06-03 21:35:34,595 - INFO - 項目 3 をクリック中...
2025-06-03 21:35:35,653 - INFO - 項目 3 のクリック成功を示すネットワークリクエストを待機中...
2025-06-03 21:35:35,654 - WARNING - 項目 3 のクリック成功を示すネットワークリクエストを検出できませんでした: 'Page' object has no attribute 'wait_for_request'
2025-06-03 21:35:37,664 - WARNING - 項目 4 のクリック可能な要素が見つからないか、表示されていません。
2025-06-03 21:35:37,668 - WARNING - 項目 5 のクリック可能な要素が見つからないか、表示されていません。
2025-06-03 21:35:37,671 - WARNING - 項目 6 のクリック可能な要素が見つからないか、表示されていません。
2025-06-03 21:35:37,671 - INFO - すべての項目のクリックを試行しました。
2025-06-03 21:35:37,671 - INFO - ブラウザを閉じています...
2025-06-03 21:35:37,716 - INFO - 処理が終了しました。
2025-06-03 21:43:17,485 - INFO - ブラウザを起動しています (ヘッドレスモード)...
2025-06-03 21:43:17,595 - INFO - URLにアクセス中: https://rewards.bing.com/?form=ML2W7F
2025-06-03 21:43:20,528 - INFO - ログインページにリダイレクトされました。ログイン処理を実行します。
2025-06-03 21:43:20,528 - INFO - メールアドレス入力フィールドを待機中...
2025-06-03 21:43:20,559 - INFO - 「次へ」ボタンを待機中...
2025-06-03 21:43:21,609 - INFO - パスワード入力フィールドを待機中...
2025-06-03 21:43:21,620 - INFO - 「次へ」ボタンを待機中...
2025-06-03 21:43:23,560 - INFO - 「サインインの状態を維持しますか？」の「はい」ボタンを待機中...
2025-06-03 21:43:23,569 - INFO - ログイン処理が完了しました。
2025-06-03 21:43:28,067 - INFO - 日々のセットの項目を検索しています...
2025-06-03 21:43:28,083 - INFO - 6 個の項目が見つかりました。クリックを開始します。
2025-06-03 21:43:28,089 - INFO - 項目 1 をクリック中...
2025-06-03 21:43:29,139 - INFO - 項目 1 のクリック成功を示すアイコンの変化を待機中...
2025-06-03 21:43:29,152 - INFO - 項目 1 のアイコンがチェックマークに変化しました。クリック成功と判断します。
2025-06-03 21:43:31,162 - INFO - 項目 2 をクリック中...
2025-06-03 21:43:32,226 - INFO - 項目 2 のクリック成功を示すアイコンの変化を待機中...
2025-06-03 21:43:32,234 - INFO - 項目 2 のアイコンがチェックマークに変化しました。クリック成功と判断します。
2025-06-03 21:43:34,244 - INFO - 項目 3 をクリック中...
2025-06-03 21:43:35,291 - INFO - 項目 3 のクリック成功を示すアイコンの変化を待機中...
2025-06-03 21:43:35,298 - INFO - 項目 3 のアイコンがチェックマークに変化しました。クリック成功と判断します。
2025-06-03 21:43:37,316 - WARNING - 項目 4 のクリック可能な要素が見つからないか、表示されていません。
2025-06-03 21:43:37,320 - WARNING - 項目 5 のクリック可能な要素が見つからないか、表示されていません。
2025-06-03 21:43:37,322 - WARNING - 項目 6 のクリック可能な要素が見つからないか、表示されていません。
2025-06-03 21:43:37,322 - INFO - すべての項目のクリックを試行しました。
2025-06-03 21:43:37,322 - INFO - ブラウザを閉じています...
2025-06-03 21:43:37,377 - INFO - 処理が終了しました。
